
USER@DESKTOP-0NES1F9 MINGW64 ~/Desktop/server-side-rendering
$ node scripts/build.server.js
internal/modules/cjs/loader.js:883
  throw err;
  ^

Error: Cannot find module 'react-dev-utils/getPublicUrlOrPath'
Require stack:
- C:\Users\USER\Desktop\server-side-rendering\config\paths.js
- C:\Users\USER\Desktop\server-side-rendering\config\env.js
- C:\Users\USER\Desktop\server-side-rendering\scripts\build.server.js
    at Function.Module._resolveFilename (internal/modules/cjs/loader.js:880:15)
    at Function.Module._load (internal/modules/cjs/loader.js:725:27)
    at Module.require (internal/modules/cjs/loader.js:952:19)
    at require (internal/modules/cjs/helpers.js:88:18)
    at Object.<anonymous> (C:\Users\USER\Desktop\server-side-rendering\config\paths.js:5:28)
    at Module._compile (internal/modules/cjs/loader.js:1063:30)
    at Object.Module._extensions..js (internal/modules/cjs/loader.js:1092:10)
    at Module.load (internal/modules/cjs/loader.js:928:32)
    at Function.Module._load (internal/modules/cjs/loader.js:769:14)
    at Module.require (internal/modules/cjs/loader.js:952:19) {
  code: 'MODULE_NOT_FOUND',
  requireStack: [
    'C:\\Users\\USER\\Desktop\\server-side-rendering\\config\\paths.js',
    'C:\\Users\\USER\\Desktop\\server-side-rendering\\config\\env.js',
    'C:\\Users\\USER\\Desktop\\server-side-rendering\\scripts\\build.server.js'
  ]
}

USER@DESKTOP-0NES1F9 MINGW64 ~/Desktop/server-side-rendering
$ yarn build
yarn run v1.22.5
$ node scripts/build.js
internal/modules/cjs/loader.js:883
  throw err;
  ^

Error: Cannot find module 'react-dev-utils/getPublicUrlOrPath'
Require stack:
- C:\Users\USER\Desktop\server-side-rendering\config\paths.js
- C:\Users\USER\Desktop\server-side-rendering\config\env.js
- C:\Users\USER\Desktop\server-side-rendering\scripts\build.js
    at Function.Module._resolveFilename (internal/modules/cjs/loader.js:880:15)
    at Function.Module._load (internal/modules/cjs/loader.js:725:27)
    at Module.require (internal/modules/cjs/loader.js:952:19)
    at require (internal/modules/cjs/helpers.js:88:18)
    at Object.<anonymous> (C:\Users\USER\Desktop\server-side-rendering\config\paths.js:5:28)
    at Module._compile (internal/modules/cjs/loader.js:1063:30)
    at Object.Module._extensions..js (internal/modules/cjs/loader.js:1092:10)
    at Module.load (internal/modules/cjs/loader.js:928:32)
    at Function.Module._load (internal/modules/cjs/loader.js:769:14)
    at Module.require (internal/modules/cjs/loader.js:952:19) {
  code: 'MODULE_NOT_FOUND',
  requireStack: [
    'C:\\Users\\USER\\Desktop\\server-side-rendering\\config\\paths.js',
    'C:\\Users\\USER\\Desktop\\server-side-rendering\\config\\env.js',
    'C:\\Users\\USER\\Desktop\\server-side-rendering\\scripts\\build.js'
  ]
}
error Command failed with exit code 1.
info Visit https://yarnpkg.com/en/docs/cli/run for documentation about this command.

USER@DESKTOP-0NES1F9 MINGW64 ~/Desktop/server-side-rendering
$ yarn add react-dev-utils
yarn add v1.22.5
[1/4] Resolving packages...
[2/4] Fetching packages...
info fsevents@2.2.1: The platform "win32" is incompatible with this module.
info "fsevents@2.2.1" is an optional dependency and failed compatibility check. Excluding it from installation.
info fsevents@2.1.3: The platform "win32" is incompatible with this module.
info "fsevents@2.1.3" is an optional dependency and failed compatibility check. Excluding it from installation.
info fsevents@1.2.13: The platform "win32" is incompatible with this module.
info "fsevents@1.2.13" is an optional dependency and failed compatibility check. Excluding it from installation.
[3/4] Linking dependencies...
warning " > @testing-library/user-event@12.2.2" has unmet peer dependency "@testing-library/dom@>=7.21.4".
warning "@typescript-eslint/eslint-plugin > tsutils@3.17.1" has unmet peer dependency "typescript@>=2.8.0 || >= 3.2.0-dev || >= 3.3.0-dev || >= 3.4.0-dev || >= 3.5.0-dev || >= 3.6.0-dev || >= 3.6.0-beta || >= 3.7.0-dev || >= 3.7.0-beta".
[4/4] Building fresh packages...
success Saved lockfile.
success Saved 3 new dependencies.
info Direct dependencies
└─ react-dev-utils@11.0.4
info All dependencies
├─ immer@8.0.1
├─ react-dev-utils@11.0.4
└─ react-error-overlay@6.0.9
Done in 209.96s.

USER@DESKTOP-0NES1F9 MINGW64 ~/Desktop/server-side-rendering
$ yarn build
yarn run v1.22.5
$ node scripts/build.js
Creating an optimized production build...
Browserslist: caniuse-lite is outdated. Please run:
npx browserslist@latest --update-db

Why you should do it regularly:
https://github.com/browserslist/browserslist#browsers-data-updating
Compiled successfully.

File sizes after gzip:

  68.25 KB  build\static\js\5.5b986959.chunk.js
  1.61 KB   build\static\js\main.f1e70c56.chunk.js
  1.55 KB   build\static\js\runtime-main.0784fd7b.js
  1.4 KB    build\static\js\6.6e3d60de.chunk.js
  714 B     build\static\js\pages-UsersPage.3f77af62.chunk.js
  278 B     build\static\css\main.6dea0f05.chunk.css
  259 B     build\static\js\pages-BluePage.0625184a.chunk.js
  258 B     build\static\js\pages-RedPage.5b669ac4.chunk.js
  182 B     build\static\css\pages-BluePage.ba97bb54.chunk.css
  178 B     build\static\css\pages-RedPage.42427d47.chunk.css

The project was built assuming it is hosted at /.
You can control this with the homepage field in your package.json.

The build folder is ready to be deployed.
You may serve it with a static server:

  yarn global add serve
  serve -s build

Find out more about deployment here:

  https://cra.link/deployment

Done in 45.80s.

USER@DESKTOP-0NES1F9 MINGW64 ~/Desktop/server-side-rendering
$ yarn build:server
yarn run v1.22.5
$ node scripts/build.server.js
Creating server build...
Browserslist: caniuse-lite is outdated. Please run:
npx browserslist@latest --update-db

Why you should do it regularly:
https://github.com/browserslist/browserslist#browsers-data-updating
Hash: 38531ff7a3353c8baa60
Version: webpack 4.44.2
Time: 5943ms
Built at: 2021. 06. 08. 오후 1:26:47
                      Asset       Size  Chunks             Chunk Names
 js/pages-BluePage.chunk.js  218 bytes       1  [emitted]  pages-BluePage
  js/pages-RedPage.chunk.js  216 bytes       2  [emitted]  pages-RedPage
js/pages-UsersPage.chunk.js   1.34 KiB       3  [emitted]  pages-UsersPage
                  server.js   9.81 KiB       0  [emitted]  main
Entrypoint main = server.js
 [0] external "react/jsx-runtime" 42 bytes {0} [built]
 [1] ./node_modules/babel-preset-react-app/node_modules/@babel/runtime/regenerator/index.js 49 bytes {0} [built]
 [2] external "react-router-dom" 42 bytes {0} [built]
 [3] external "react" 42 bytes {0} [built]
 [5] external "redux" 42 bytes {0} [built]
 [6] ./node_modules/babel-preset-react-app/node_modules/@babel/runtime/helpers/esm/asyncToGenerator.js 787 bytes {0} [built]
 [7] external "redux-saga" 42 bytes {0} [built]
[10] external "react-dom/server" 42 bytes {0} [built]
[11] external "express" 42 bytes {0} [built]
[12] external "path" 42 bytes {0} [built]
[14] external "@loadable/server" 42 bytes {0} [built]
[15] external "react-redux" 42 bytes {0} [built]
[16] ./src/lib/PreloadContext.js 1.32 KiB {0} [built]
[17] ./src/App.js 4.13 KiB {0} [built]
[24] ./src/index.server.js + 1 modules 6.48 KiB {0} [built]
     | ./src/index.server.js 5.65 KiB [built]
     | ./src/modules/index.js 770 bytes [built]
    + 10 hidden modules
Done in 8.09s.

USER@DESKTOP-0NES1F9 MINGW64 ~/Desktop/server-side-rendering
$ yarn start:server
yarn run v1.22.5
$ node dist/server.js
Running on http://localhost:5000